// 重构日志: b2d953a5
// 重构日志: b76bd5f1
// 重构日志: 7378d8cd
// 重构日志: 93d4565d
// 重构日志: 7e0842c9
// 重构日志: 35ec8d18
// 重构日志: ac5eb920
// 重构日志: 38638f61
// 同步 ID: 1666fe79 @ Wed Jul 22 08:15:43 UTC 2026
// 同步 ID: dd0a254c @ Wed Jul 22 15:33:18 UTC 2026
// 同步 ID: ff59efac @ Fri Jul 24 15:45:50 UTC 2026
// 同步 ID: 8673258c @ Sat Jul 25 00:42:56 UTC 2026
// 重构日志: 3c385860
// 同步 ID: ab0097b7 @ Mon Jul 27 11:06:48 UTC 2026
// 重构日志: 5005b335
// 同步 ID: 56b9acac @ Thu Jul 30 16:46:02 UTC 2026
// 重构日志: 28ec4d5e
// 同步 ID: 870f5510 @ Fri Jul 31 17:27:11 UTC 2026
// 重构日志: 36a086f2
// 同步 ID: 7dabde5c @ Sat Aug  1 16:18:16 UTC 2026
// 同步 ID: 4c76ca09 @ Sun Aug  2 00:41:44 UTC 2026
// 重构日志: 9669b451
// 重构日志: 8268ac62
